../Core/Src/main.c:107:6:HAL_UART_RxCpltCallback	16	static
../Core/Src/main.c:116:6:set_value_received	16	static
../Core/Src/main.c:170:6:print_temperature	8	static
../Core/Src/main.c:181:6:update_temperature_indicator	8	static
../Core/Src/main.c:194:6:calculate_mean_temperature	16	static
../Core/Src/main.c:216:5:main	88	static
../Core/Src/main.c:390:6:SystemClock_Config	96	static
../Core/Src/main.c:438:13:MX_ADC_Init	24	static
../Core/Src/main.c:492:13:MX_SPI1_Init	8	static
../Core/Src/main.c:532:13:MX_TIM3_Init	32	static
../Core/Src/main.c:577:13:MX_USART1_UART_Init	8	static
../Core/Src/main.c:612:13:MX_GPIO_Init	48	static
../Core/Src/main.c:678:6:Error_Handler	8	static,ignoring_inline_asm
