../Core/Src/main.c:128:5:_write	24	static
../Core/Src/main.c:134:6:HAL_UART_RxCpltCallback	16	static
../Core/Src/main.c:143:6:HAL_GPIO_EXTI_Callback	16	static
../Core/Src/main.c:188:6:set_value_received	24	static
../Core/Src/main.c:277:6:print_temperature	8	static
../Core/Src/main.c:288:6:update_temperature_indicator	8	static
../Core/Src/main.c:301:6:calculate_mean_temperature	280	static
../Core/Src/main.c:324:6:measure_speed_RPM	8	static
../Core/Src/main.c:335:6:print_speed	8	static
../Core/Src/main.c:343:6:calculate_mean_speed	280	static
../Core/Src/main.c:364:8:read_flash	40	static
../Core/Src/main.c:375:6:write_flash	288	static
../Core/Src/main.c:391:5:main	88	static
../Core/Src/main.c:604:6:SystemClock_Config	96	static
../Core/Src/main.c:652:13:MX_ADC_Init	24	static
../Core/Src/main.c:706:13:MX_SPI1_Init	8	static
../Core/Src/main.c:746:13:MX_TIM3_Init	32	static
../Core/Src/main.c:791:13:MX_USART1_UART_Init	8	static
../Core/Src/main.c:826:13:MX_GPIO_Init	48	static
../Core/Src/main.c:890:6:Error_Handler	8	static,ignoring_inline_asm
