02:52:14 **** Incremental Build of configuration Debug for project Semaforo_Led ****
make -j8 all 
arm-none-eabi-size  Semaforo_Led.elf 
   text	   data	    bss	    dec	    hex	filename
  15320	     12	   1788	  17120	   42e0	Semaforo_Led.elf
Finished building: default.size.stdout
 
02:52:39 **** Incremental Build of configuration Debug for project Semaforo_Led ****
make -j8 all 
arm-none-eabi-size  Semaforo_Led.elf 
   text	   data	    bss	    dec	    hex	filename
  15320	     12	   1788	  17120	   42e0	Semaforo_Led.elf
Finished building: default.size.stdout
 
02:55:39 **** Incremental Build of configuration Debug for project Semaforo_Led ****
make -j8 all 
arm-none-eabi-size  Semaforo_Led.elf 
   text	   data	    bss	    dec	    hex	filename
  15320	     12	   1788	  17120	   42e0	Semaforo_Led.elf
Finished building: default.size.stdout
 
02:59:15 **** Incremental Build of configuration Debug for project Semaforo_Led ****
make -j8 all 
arm-none-eabi-gcc "../Core/Src/main.c" -mcpu=cortex-m4 -std=gnu11 -g3 -DDEBUG -DUSE_HAL_DRIVER -DSTM32L476xx -c -I../Core/Inc -I../Drivers/STM32L4xx_HAL_Driver/Inc -I../Drivers/STM32L4xx_HAL_Driver/Inc/Legacy -I../Drivers/CMSIS/Device/ST/STM32L4xx/Include -I../Drivers/CMSIS/Include -O0 -ffunction-sections -fdata-sections -Wall -fstack-usage -fcyclomatic-complexity -MMD -MP -MF"Core/Src/main.d" -MT"Core/Src/main.o" --specs=nano.specs -mfpu=fpv4-sp-d16 -mfloat-abi=hard -mthumb -o "Core/Src/main.o"
arm-none-eabi-gcc -o "Semaforo_Led.elf" @"objects.list"   -mcpu=cortex-m4 -T"E:\GUSTAVO\UNAL\Semestre_2024-1\Diseno_Digital\DigitalDesing\Firmware\Semaforo_Led\STM32L476RGTX_FLASH.ld" --specs=nosys.specs -Wl,-Map="Semaforo_Led.map" -Wl,--gc-sections -static --specs=nano.specs -mfpu=fpv4-sp-d16 -mfloat-abi=hard -mthumb -Wl,--start-group -lc -lm -Wl,--end-group
Finished building target: Semaforo_Led.elf
 
arm-none-eabi-size  Semaforo_Led.elf 
arm-none-eabi-objdump -h -S Semaforo_Led.elf  > "Semaforo_Led.list"
   text	   data	    bss	    dec	    hex	filename
  15320	     12	   1788	  17120	   42e0	Semaforo_Led.elf
Finished building: default.size.stdout
 
Finished building: Semaforo_Led.list
 
03:08:45 **** Incremental Build of configuration Debug for project Semaforo_Led ****
make -j8 all 
arm-none-eabi-gcc -o "Semaforo_Led.elf" @"objects.list"   -mcpu=cortex-m4 -T"E:\GUSTAVO\UNAL\Semestre_2024-1\Diseno_Digital\DigitalDesing\Firmware\Semaforo_Led\STM32L476RGTX_FLASH.ld" --specs=nosys.specs -Wl,-Map="Semaforo_Led.map" -Wl,--gc-sections -static --specs=nano.specs -mfpu=fpv4-sp-d16 -mfloat-abi=hard -mthumb -Wl,--start-group -lc -lm -Wl,--end-group
Finished building target: Semaforo_Led.elf
 
arm-none-eabi-size  Semaforo_Led.elf 
arm-none-eabi-objdump -h -S Semaforo_Led.elf  > "Semaforo_Led.list"
   text	   data	    bss	    dec	    hex	filename
  15320	     12	   1788	  17120	   42e0	Semaforo_Led.elf
Finished building: default.size.stdout
 
Finished building: Semaforo_Led.list
 
03:25:15 **** Incremental Build of configuration Debug for project Semaforo_Led ****
make -j8 all 
arm-none-eabi-gcc "../Core/Src/main.c" -mcpu=cortex-m4 -std=gnu11 -g3 -DDEBUG -DUSE_HAL_DRIVER -DSTM32L476xx -c -I../Core/Inc -I../Drivers/STM32L4xx_HAL_Driver/Inc -I../Drivers/STM32L4xx_HAL_Driver/Inc/Legacy -I../Drivers/CMSIS/Device/ST/STM32L4xx/Include -I../Drivers/CMSIS/Include -O0 -ffunction-sections -fdata-sections -Wall -fstack-usage -fcyclomatic-complexity -MMD -MP -MF"Core/Src/main.d" -MT"Core/Src/main.o" --specs=nano.specs -mfpu=fpv4-sp-d16 -mfloat-abi=hard -mthumb -o "Core/Src/main.o"
arm-none-eabi-gcc -o "Semaforo_Led.elf" @"objects.list"   -mcpu=cortex-m4 -T"E:\GUSTAVO\UNAL\Semestre_2024-1\Diseno_Digital\DigitalDesing\Firmware\Semaforo_Led\STM32L476RGTX_FLASH.ld" --specs=nosys.specs -Wl,-Map="Semaforo_Led.map" -Wl,--gc-sections -static --specs=nano.specs -mfpu=fpv4-sp-d16 -mfloat-abi=hard -mthumb -Wl,--start-group -lc -lm -Wl,--end-group
Finished building target: Semaforo_Led.elf
 
arm-none-eabi-size  Semaforo_Led.elf 
arm-none-eabi-objdump -h -S Semaforo_Led.elf  > "Semaforo_Led.list"
   text	   data	    bss	    dec	    hex	filename
  15320	     12	   1788	  17120	   42e0	Semaforo_Led.elf
Finished building: default.size.stdout
 
Finished building: Semaforo_Led.list
 
03:28:53 **** Incremental Build of configuration Debug for project Semaforo_Led ****
make -j8 all 
arm-none-eabi-gcc "../Core/Src/main.c" -mcpu=cortex-m4 -std=gnu11 -g3 -DDEBUG -DUSE_HAL_DRIVER -DSTM32L476xx -c -I../Core/Inc -I../Drivers/STM32L4xx_HAL_Driver/Inc -I../Drivers/STM32L4xx_HAL_Driver/Inc/Legacy -I../Drivers/CMSIS/Device/ST/STM32L4xx/Include -I../Drivers/CMSIS/Include -O0 -ffunction-sections -fdata-sections -Wall -fstack-usage -fcyclomatic-complexity -MMD -MP -MF"Core/Src/main.d" -MT"Core/Src/main.o" --specs=nano.specs -mfpu=fpv4-sp-d16 -mfloat-abi=hard -mthumb -o "Core/Src/main.o"
arm-none-eabi-gcc -o "Semaforo_Led.elf" @"objects.list"   -mcpu=cortex-m4 -T"E:\GUSTAVO\UNAL\Semestre_2024-1\Diseno_Digital\DigitalDesing\Firmware\Semaforo_Led\STM32L476RGTX_FLASH.ld" --specs=nosys.specs -Wl,-Map="Semaforo_Led.map" -Wl,--gc-sections -static --specs=nano.specs -mfpu=fpv4-sp-d16 -mfloat-abi=hard -mthumb -Wl,--start-group -lc -lm -Wl,--end-group
Finished building target: Semaforo_Led.elf
 
arm-none-eabi-size  Semaforo_Led.elf 
arm-none-eabi-objdump -h -S Semaforo_Led.elf  > "Semaforo_Led.list"
   text	   data	    bss	    dec	    hex	filename
  15320	     12	   1788	  17120	   42e0	Semaforo_Led.elf
Finished building: default.size.stdout
 
Finished building: Semaforo_Led.list
 
03:30:35 **** Incremental Build of configuration Debug for project Semaforo_Led ****
make -j8 all 
arm-none-eabi-gcc "../Core/Src/main.c" -mcpu=cortex-m4 -std=gnu11 -g3 -DDEBUG -DUSE_HAL_DRIVER -DSTM32L476xx -c -I../Core/Inc -I../Drivers/STM32L4xx_HAL_Driver/Inc -I../Drivers/STM32L4xx_HAL_Driver/Inc/Legacy -I../Drivers/CMSIS/Device/ST/STM32L4xx/Include -I../Drivers/CMSIS/Include -O0 -ffunction-sections -fdata-sections -Wall -fstack-usage -fcyclomatic-complexity -MMD -MP -MF"Core/Src/main.d" -MT"Core/Src/main.o" --specs=nano.specs -mfpu=fpv4-sp-d16 -mfloat-abi=hard -mthumb -o "Core/Src/main.o"
arm-none-eabi-gcc -o "Semaforo_Led.elf" @"objects.list"   -mcpu=cortex-m4 -T"E:\GUSTAVO\UNAL\Semestre_2024-1\Diseno_Digital\DigitalDesing\Firmware\Semaforo_Led\STM32L476RGTX_FLASH.ld" --specs=nosys.specs -Wl,-Map="Semaforo_Led.map" -Wl,--gc-sections -static --specs=nano.specs -mfpu=fpv4-sp-d16 -mfloat-abi=hard -mthumb -Wl,--start-group -lc -lm -Wl,--end-group
Finished building target: Semaforo_Led.elf
 
arm-none-eabi-size  Semaforo_Led.elf 
arm-none-eabi-objdump -h -S Semaforo_Led.elf  > "Semaforo_Led.list"
   text	   data	    bss	    dec	    hex	filename
  15320	     12	   1788	  17120	   42e0	Semaforo_Led.elf
Finished building: default.size.stdout
 
Finished building: Semaforo_Led.list
 
03:31:09 **** Incremental Build of configuration Debug for project Semaforo_Led ****
make -j8 all 
arm-none-eabi-size  Semaforo_Led.elf 
   text	   data	    bss	    dec	    hex	filename
  15320	     12	   1788	  17120	   42e0	Semaforo_Led.elf
Finished building: default.size.stdout
 
03:31:46 **** Incremental Build of configuration Debug for project Semaforo_Led ****
make -j8 all 
arm-none-eabi-gcc "../Core/Src/main.c" -mcpu=cortex-m4 -std=gnu11 -g3 -DDEBUG -DUSE_HAL_DRIVER -DSTM32L476xx -c -I../Core/Inc -I../Drivers/STM32L4xx_HAL_Driver/Inc -I../Drivers/STM32L4xx_HAL_Driver/Inc/Legacy -I../Drivers/CMSIS/Device/ST/STM32L4xx/Include -I../Drivers/CMSIS/Include -O0 -ffunction-sections -fdata-sections -Wall -fstack-usage -fcyclomatic-complexity -MMD -MP -MF"Core/Src/main.d" -MT"Core/Src/main.o" --specs=nano.specs -mfpu=fpv4-sp-d16 -mfloat-abi=hard -mthumb -o "Core/Src/main.o"
arm-none-eabi-gcc -o "Semaforo_Led.elf" @"objects.list"   -mcpu=cortex-m4 -T"E:\GUSTAVO\UNAL\Semestre_2024-1\Diseno_Digital\DigitalDesing\Firmware\Semaforo_Led\STM32L476RGTX_FLASH.ld" --specs=nosys.specs -Wl,-Map="Semaforo_Led.map" -Wl,--gc-sections -static --specs=nano.specs -mfpu=fpv4-sp-d16 -mfloat-abi=hard -mthumb -Wl,--start-group -lc -lm -Wl,--end-group
Finished building target: Semaforo_Led.elf
 
arm-none-eabi-size  Semaforo_Led.elf 
arm-none-eabi-objdump -h -S Semaforo_Led.elf  > "Semaforo_Led.list"
   text	   data	    bss	    dec	    hex	filename
  15320	     12	   1788	  17120	   42e0	Semaforo_Led.elf
Finished building: default.size.stdout
 
Finished building: Semaforo_Led.list
 
03:33:32 **** Incremental Build of configuration Debug for project Semaforo_Led ****
make -j8 all 
arm-none-eabi-gcc "../Core/Src/main.c" -mcpu=cortex-m4 -std=gnu11 -g3 -DDEBUG -DUSE_HAL_DRIVER -DSTM32L476xx -c -I../Core/Inc -I../Drivers/STM32L4xx_HAL_Driver/Inc -I../Drivers/STM32L4xx_HAL_Driver/Inc/Legacy -I../Drivers/CMSIS/Device/ST/STM32L4xx/Include -I../Drivers/CMSIS/Include -O0 -ffunction-sections -fdata-sections -Wall -fstack-usage -fcyclomatic-complexity -MMD -MP -MF"Core/Src/main.d" -MT"Core/Src/main.o" --specs=nano.specs -mfpu=fpv4-sp-d16 -mfloat-abi=hard -mthumb -o "Core/Src/main.o"
arm-none-eabi-gcc -o "Semaforo_Led.elf" @"objects.list"   -mcpu=cortex-m4 -T"E:\GUSTAVO\UNAL\Semestre_2024-1\Diseno_Digital\DigitalDesing\Firmware\Semaforo_Led\STM32L476RGTX_FLASH.ld" --specs=nosys.specs -Wl,-Map="Semaforo_Led.map" -Wl,--gc-sections -static --specs=nano.specs -mfpu=fpv4-sp-d16 -mfloat-abi=hard -mthumb -Wl,--start-group -lc -lm -Wl,--end-group
Finished building target: Semaforo_Led.elf
 
arm-none-eabi-size  Semaforo_Led.elf 
arm-none-eabi-objdump -h -S Semaforo_Led.elf  > "Semaforo_Led.list"
   text	   data	    bss	    dec	    hex	filename
  15320	     12	   1788	  17120	   42e0	Semaforo_Led.elf
Finished building: default.size.stdout
 
Finished building: Semaforo_Led.list
 
03:44:55 **** Incremental Build of configuration Debug for project Semaforo_Led ****
make -j8 all 
arm-none-eabi-gcc "../Core/Src/main.c" -mcpu=cortex-m4 -std=gnu11 -g3 -DDEBUG -DUSE_HAL_DRIVER -DSTM32L476xx -c -I../Core/Inc -I../Drivers/STM32L4xx_HAL_Driver/Inc -I../Drivers/STM32L4xx_HAL_Driver/Inc/Legacy -I../Drivers/CMSIS/Device/ST/STM32L4xx/Include -I../Drivers/CMSIS/Include -O0 -ffunction-sections -fdata-sections -Wall -fstack-usage -fcyclomatic-complexity -MMD -MP -MF"Core/Src/main.d" -MT"Core/Src/main.o" --specs=nano.specs -mfpu=fpv4-sp-d16 -mfloat-abi=hard -mthumb -o "Core/Src/main.o"
arm-none-eabi-gcc -o "Semaforo_Led.elf" @"objects.list"   -mcpu=cortex-m4 -T"E:\GUSTAVO\UNAL\Semestre_2024-1\Diseno_Digital\DigitalDesing\Firmware\Semaforo_Led\STM32L476RGTX_FLASH.ld" --specs=nosys.specs -Wl,-Map="Semaforo_Led.map" -Wl,--gc-sections -static --specs=nano.specs -mfpu=fpv4-sp-d16 -mfloat-abi=hard -mthumb -Wl,--start-group -lc -lm -Wl,--end-group
Finished building target: Semaforo_Led.elf
 
arm-none-eabi-size  Semaforo_Led.elf 
arm-none-eabi-objdump -h -S Semaforo_Led.elf  > "Semaforo_Led.list"
   text	   data	    bss	    dec	    hex	filename
  15320	     12	   1788	  17120	   42e0	Semaforo_Led.elf
Finished building: default.size.stdout
 
Finished building: Semaforo_Led.list
 
03:50:31 **** Incremental Build of configuration Debug for project Semaforo_Led ****
make -j8 all 
arm-none-eabi-gcc "../Core/Src/main.c" -mcpu=cortex-m4 -std=gnu11 -g3 -DDEBUG -DUSE_HAL_DRIVER -DSTM32L476xx -c -I../Core/Inc -I../Drivers/STM32L4xx_HAL_Driver/Inc -I../Drivers/STM32L4xx_HAL_Driver/Inc/Legacy -I../Drivers/CMSIS/Device/ST/STM32L4xx/Include -I../Drivers/CMSIS/Include -O0 -ffunction-sections -fdata-sections -Wall -fstack-usage -fcyclomatic-complexity -MMD -MP -MF"Core/Src/main.d" -MT"Core/Src/main.o" --specs=nano.specs -mfpu=fpv4-sp-d16 -mfloat-abi=hard -mthumb -o "Core/Src/main.o"
arm-none-eabi-gcc -o "Semaforo_Led.elf" @"objects.list"   -mcpu=cortex-m4 -T"E:\GUSTAVO\UNAL\Semestre_2024-1\Diseno_Digital\DigitalDesing\Firmware\Semaforo_Led\STM32L476RGTX_FLASH.ld" --specs=nosys.specs -Wl,-Map="Semaforo_Led.map" -Wl,--gc-sections -static --specs=nano.specs -mfpu=fpv4-sp-d16 -mfloat-abi=hard -mthumb -Wl,--start-group -lc -lm -Wl,--end-group
Finished building target: Semaforo_Led.elf
 
arm-none-eabi-size  Semaforo_Led.elf 
arm-none-eabi-objdump -h -S Semaforo_Led.elf  > "Semaforo_Led.list"
   text	   data	    bss	    dec	    hex	filename
  15320	     12	   1788	  17120	   42e0	Semaforo_Led.elf
Finished building: default.size.stdout
 
Finished building: Semaforo_Led.list
 
03:50:52 **** Incremental Build of configuration Debug for project Semaforo_Led ****
make -j8 all 
arm-none-eabi-gcc "../Core/Src/main.c" -mcpu=cortex-m4 -std=gnu11 -g3 -DDEBUG -DUSE_HAL_DRIVER -DSTM32L476xx -c -I../Core/Inc -I../Drivers/STM32L4xx_HAL_Driver/Inc -I../Drivers/STM32L4xx_HAL_Driver/Inc/Legacy -I../Drivers/CMSIS/Device/ST/STM32L4xx/Include -I../Drivers/CMSIS/Include -O0 -ffunction-sections -fdata-sections -Wall -fstack-usage -fcyclomatic-complexity -MMD -MP -MF"Core/Src/main.d" -MT"Core/Src/main.o" --specs=nano.specs -mfpu=fpv4-sp-d16 -mfloat-abi=hard -mthumb -o "Core/Src/main.o"
arm-none-eabi-gcc -o "Semaforo_Led.elf" @"objects.list"   -mcpu=cortex-m4 -T"E:\GUSTAVO\UNAL\Semestre_2024-1\Diseno_Digital\DigitalDesing\Firmware\Semaforo_Led\STM32L476RGTX_FLASH.ld" --specs=nosys.specs -Wl,-Map="Semaforo_Led.map" -Wl,--gc-sections -static --specs=nano.specs -mfpu=fpv4-sp-d16 -mfloat-abi=hard -mthumb -Wl,--start-group -lc -lm -Wl,--end-group
Finished building target: Semaforo_Led.elf
 
arm-none-eabi-size  Semaforo_Led.elf 
arm-none-eabi-objdump -h -S Semaforo_Led.elf  > "Semaforo_Led.list"
   text	   data	    bss	    dec	    hex	filename
  15328	     12	   1788	  17128	   42e8	Semaforo_Led.elf
Finished building: default.size.stdout
 
Finished building: Semaforo_Led.list
 
03:51:50 **** Incremental Build of configuration Debug for project Semaforo_Led ****
make -j8 all 
arm-none-eabi-gcc "../Core/Src/main.c" -mcpu=cortex-m4 -std=gnu11 -g3 -DDEBUG -DUSE_HAL_DRIVER -DSTM32L476xx -c -I../Core/Inc -I../Drivers/STM32L4xx_HAL_Driver/Inc -I../Drivers/STM32L4xx_HAL_Driver/Inc/Legacy -I../Drivers/CMSIS/Device/ST/STM32L4xx/Include -I../Drivers/CMSIS/Include -O0 -ffunction-sections -fdata-sections -Wall -fstack-usage -fcyclomatic-complexity -MMD -MP -MF"Core/Src/main.d" -MT"Core/Src/main.o" --specs=nano.specs -mfpu=fpv4-sp-d16 -mfloat-abi=hard -mthumb -o "Core/Src/main.o"
arm-none-eabi-gcc -o "Semaforo_Led.elf" @"objects.list"   -mcpu=cortex-m4 -T"E:\GUSTAVO\UNAL\Semestre_2024-1\Diseno_Digital\DigitalDesing\Firmware\Semaforo_Led\STM32L476RGTX_FLASH.ld" --specs=nosys.specs -Wl,-Map="Semaforo_Led.map" -Wl,--gc-sections -static --specs=nano.specs -mfpu=fpv4-sp-d16 -mfloat-abi=hard -mthumb -Wl,--start-group -lc -lm -Wl,--end-group
Finished building target: Semaforo_Led.elf
 
arm-none-eabi-size  Semaforo_Led.elf 
arm-none-eabi-objdump -h -S Semaforo_Led.elf  > "Semaforo_Led.list"
   text	   data	    bss	    dec	    hex	filename
  15336	     12	   1788	  17136	   42f0	Semaforo_Led.elf
Finished building: default.size.stdout
 
Finished building: Semaforo_Led.list
 
03:53:10 **** Incremental Build of configuration Debug for project Semaforo_Led ****
make -j8 all 
arm-none-eabi-gcc "../Core/Src/main.c" -mcpu=cortex-m4 -std=gnu11 -g3 -DDEBUG -DUSE_HAL_DRIVER -DSTM32L476xx -c -I../Core/Inc -I../Drivers/STM32L4xx_HAL_Driver/Inc -I../Drivers/STM32L4xx_HAL_Driver/Inc/Legacy -I../Drivers/CMSIS/Device/ST/STM32L4xx/Include -I../Drivers/CMSIS/Include -O0 -ffunction-sections -fdata-sections -Wall -fstack-usage -fcyclomatic-complexity -MMD -MP -MF"Core/Src/main.d" -MT"Core/Src/main.o" --specs=nano.specs -mfpu=fpv4-sp-d16 -mfloat-abi=hard -mthumb -o "Core/Src/main.o"
arm-none-eabi-gcc -o "Semaforo_Led.elf" @"objects.list"   -mcpu=cortex-m4 -T"E:\GUSTAVO\UNAL\Semestre_2024-1\Diseno_Digital\DigitalDesing\Firmware\Semaforo_Led\STM32L476RGTX_FLASH.ld" --specs=nosys.specs -Wl,-Map="Semaforo_Led.map" -Wl,--gc-sections -static --specs=nano.specs -mfpu=fpv4-sp-d16 -mfloat-abi=hard -mthumb -Wl,--start-group -lc -lm -Wl,--end-group
Finished building target: Semaforo_Led.elf
 
arm-none-eabi-size  Semaforo_Led.elf 
arm-none-eabi-objdump -h -S Semaforo_Led.elf  > "Semaforo_Led.list"
   text	   data	    bss	    dec	    hex	filename
  15364	     12	   1788	  17164	   430c	Semaforo_Led.elf
Finished building: default.size.stdout
 
Finished building: Semaforo_Led.list
 
04:03:19 **** Incremental Build of configuration Debug for project Semaforo_Led ****
make -j8 all 
arm-none-eabi-gcc "../Core/Src/main.c" -mcpu=cortex-m4 -std=gnu11 -g3 -DDEBUG -DUSE_HAL_DRIVER -DSTM32L476xx -c -I../Core/Inc -I../Drivers/STM32L4xx_HAL_Driver/Inc -I../Drivers/STM32L4xx_HAL_Driver/Inc/Legacy -I../Drivers/CMSIS/Device/ST/STM32L4xx/Include -I../Drivers/CMSIS/Include -O0 -ffunction-sections -fdata-sections -Wall -fstack-usage -fcyclomatic-complexity -MMD -MP -MF"Core/Src/main.d" -MT"Core/Src/main.o" --specs=nano.specs -mfpu=fpv4-sp-d16 -mfloat-abi=hard -mthumb -o "Core/Src/main.o"
arm-none-eabi-gcc "../Core/Src/stm32l4xx_hal_msp.c" -mcpu=cortex-m4 -std=gnu11 -g3 -DDEBUG -DUSE_HAL_DRIVER -DSTM32L476xx -c -I../Core/Inc -I../Drivers/STM32L4xx_HAL_Driver/Inc -I../Drivers/STM32L4xx_HAL_Driver/Inc/Legacy -I../Drivers/CMSIS/Device/ST/STM32L4xx/Include -I../Drivers/CMSIS/Include -O0 -ffunction-sections -fdata-sections -Wall -fstack-usage -fcyclomatic-complexity -MMD -MP -MF"Core/Src/stm32l4xx_hal_msp.d" -MT"Core/Src/stm32l4xx_hal_msp.o" --specs=nano.specs -mfpu=fpv4-sp-d16 -mfloat-abi=hard -mthumb -o "Core/Src/stm32l4xx_hal_msp.o"
arm-none-eabi-gcc "../Core/Src/stm32l4xx_it.c" -mcpu=cortex-m4 -std=gnu11 -g3 -DDEBUG -DUSE_HAL_DRIVER -DSTM32L476xx -c -I../Core/Inc -I../Drivers/STM32L4xx_HAL_Driver/Inc -I../Drivers/STM32L4xx_HAL_Driver/Inc/Legacy -I../Drivers/CMSIS/Device/ST/STM32L4xx/Include -I../Drivers/CMSIS/Include -O0 -ffunction-sections -fdata-sections -Wall -fstack-usage -fcyclomatic-complexity -MMD -MP -MF"Core/Src/stm32l4xx_it.d" -MT"Core/Src/stm32l4xx_it.o" --specs=nano.specs -mfpu=fpv4-sp-d16 -mfloat-abi=hard -mthumb -o "Core/Src/stm32l4xx_it.o"
arm-none-eabi-gcc -o "Semaforo_Led.elf" @"objects.list"   -mcpu=cortex-m4 -T"E:\GUSTAVO\UNAL\Semestre_2024-1\Diseno_Digital\DigitalDesing\Firmware\Semaforo_Led\STM32L476RGTX_FLASH.ld" --specs=nosys.specs -Wl,-Map="Semaforo_Led.map" -Wl,--gc-sections -static --specs=nano.specs -mfpu=fpv4-sp-d16 -mfloat-abi=hard -mthumb -Wl,--start-group -lc -lm -Wl,--end-group
Finished building target: Semaforo_Led.elf
 
arm-none-eabi-size  Semaforo_Led.elf 
arm-none-eabi-objdump -h -S Semaforo_Led.elf  > "Semaforo_Led.list"
   text	   data	    bss	    dec	    hex	filename
  15604	     12	   1860	  17476	   4444	Semaforo_Led.elf
Finished building: default.size.stdout
 
Finished building: Semaforo_Led.list
 
04:04:56 **** Incremental Build of configuration Debug for project Semaforo_Led ****
make -j8 all 
arm-none-eabi-gcc "../Core/Src/main.c" -mcpu=cortex-m4 -std=gnu11 -g3 -DDEBUG -DUSE_HAL_DRIVER -DSTM32L476xx -c -I../Core/Inc -I../Drivers/STM32L4xx_HAL_Driver/Inc -I../Drivers/STM32L4xx_HAL_Driver/Inc/Legacy -I../Drivers/CMSIS/Device/ST/STM32L4xx/Include -I../Drivers/CMSIS/Include -O0 -ffunction-sections -fdata-sections -Wall -fstack-usage -fcyclomatic-complexity -MMD -MP -MF"Core/Src/main.d" -MT"Core/Src/main.o" --specs=nano.specs -mfpu=fpv4-sp-d16 -mfloat-abi=hard -mthumb -o "Core/Src/main.o"
arm-none-eabi-gcc -o "Semaforo_Led.elf" @"objects.list"   -mcpu=cortex-m4 -T"E:\GUSTAVO\UNAL\Semestre_2024-1\Diseno_Digital\DigitalDesing\Firmware\Semaforo_Led\STM32L476RGTX_FLASH.ld" --specs=nosys.specs -Wl,-Map="Semaforo_Led.map" -Wl,--gc-sections -static --specs=nano.specs -mfpu=fpv4-sp-d16 -mfloat-abi=hard -mthumb -Wl,--start-group -lc -lm -Wl,--end-group
Finished building target: Semaforo_Led.elf
 
arm-none-eabi-size  Semaforo_Led.elf 
arm-none-eabi-objdump -h -S Semaforo_Led.elf  > "Semaforo_Led.list"
   text	   data	    bss	    dec	    hex	filename
  15604	     12	   1860	  17476	   4444	Semaforo_Led.elf
Finished building: default.size.stdout
 
Finished building: Semaforo_Led.list
 
04:05:53 **** Incremental Build of configuration Debug for project Semaforo_Led ****
make -j8 all 
arm-none-eabi-gcc "../Core/Src/main.c" -mcpu=cortex-m4 -std=gnu11 -g3 -DDEBUG -DUSE_HAL_DRIVER -DSTM32L476xx -c -I../Core/Inc -I../Drivers/STM32L4xx_HAL_Driver/Inc -I../Drivers/STM32L4xx_HAL_Driver/Inc/Legacy -I../Drivers/CMSIS/Device/ST/STM32L4xx/Include -I../Drivers/CMSIS/Include -O0 -ffunction-sections -fdata-sections -Wall -fstack-usage -fcyclomatic-complexity -MMD -MP -MF"Core/Src/main.d" -MT"Core/Src/main.o" --specs=nano.specs -mfpu=fpv4-sp-d16 -mfloat-abi=hard -mthumb -o "Core/Src/main.o"
arm-none-eabi-gcc -o "Semaforo_Led.elf" @"objects.list"   -mcpu=cortex-m4 -T"E:\GUSTAVO\UNAL\Semestre_2024-1\Diseno_Digital\DigitalDesing\Firmware\Semaforo_Led\STM32L476RGTX_FLASH.ld" --specs=nosys.specs -Wl,-Map="Semaforo_Led.map" -Wl,--gc-sections -static --specs=nano.specs -mfpu=fpv4-sp-d16 -mfloat-abi=hard -mthumb -Wl,--start-group -lc -lm -Wl,--end-group
Finished building target: Semaforo_Led.elf
 
arm-none-eabi-size  Semaforo_Led.elf 
arm-none-eabi-objdump -h -S Semaforo_Led.elf  > "Semaforo_Led.list"
   text	   data	    bss	    dec	    hex	filename
  15604	     12	   1860	  17476	   4444	Semaforo_Led.elf
Finished building: default.size.stdout
 
Finished building: Semaforo_Led.list
 
04:29:38 **** Incremental Build of configuration Debug for project Semaforo_Led ****
make -j8 all 
arm-none-eabi-gcc "../Core/Src/main.c" -mcpu=cortex-m4 -std=gnu11 -g3 -DDEBUG -DUSE_HAL_DRIVER -DSTM32L476xx -c -I../Core/Inc -I../Drivers/STM32L4xx_HAL_Driver/Inc -I../Drivers/STM32L4xx_HAL_Driver/Inc/Legacy -I../Drivers/CMSIS/Device/ST/STM32L4xx/Include -I../Drivers/CMSIS/Include -O0 -ffunction-sections -fdata-sections -Wall -fstack-usage -fcyclomatic-complexity -MMD -MP -MF"Core/Src/main.d" -MT"Core/Src/main.o" --specs=nano.specs -mfpu=fpv4-sp-d16 -mfloat-abi=hard -mthumb -o "Core/Src/main.o"
arm-none-eabi-gcc "../Core/Src/state_machine.c" -mcpu=cortex-m4 -std=gnu11 -g3 -DDEBUG -DUSE_HAL_DRIVER -DSTM32L476xx -c -I../Core/Inc -I../Drivers/STM32L4xx_HAL_Driver/Inc -I../Drivers/STM32L4xx_HAL_Driver/Inc/Legacy -I../Drivers/CMSIS/Device/ST/STM32L4xx/Include -I../Drivers/CMSIS/Include -O0 -ffunction-sections -fdata-sections -Wall -fstack-usage -fcyclomatic-complexity -MMD -MP -MF"Core/Src/state_machine.d" -MT"Core/Src/state_machine.o" --specs=nano.specs -mfpu=fpv4-sp-d16 -mfloat-abi=hard -mthumb -o "Core/Src/state_machine.o"
arm-none-eabi-gcc "../Core/Src/stm32l4xx_it.c" -mcpu=cortex-m4 -std=gnu11 -g3 -DDEBUG -DUSE_HAL_DRIVER -DSTM32L476xx -c -I../Core/Inc -I../Drivers/STM32L4xx_HAL_Driver/Inc -I../Drivers/STM32L4xx_HAL_Driver/Inc/Legacy -I../Drivers/CMSIS/Device/ST/STM32L4xx/Include -I../Drivers/CMSIS/Include -O0 -ffunction-sections -fdata-sections -Wall -fstack-usage -fcyclomatic-complexity -MMD -MP -MF"Core/Src/stm32l4xx_it.d" -MT"Core/Src/stm32l4xx_it.o" --specs=nano.specs -mfpu=fpv4-sp-d16 -mfloat-abi=hard -mthumb -o "Core/Src/stm32l4xx_it.o"
../Core/Src/state_machine.c: In function 's0_state_function':
../Core/Src/state_machine.c:33:25: error: 'htim3' undeclared (first use in this function)
   33 |                         htim3.Init.Period = 6000-1;
      |                         ^~~~~
../Core/Src/state_machine.c:33:25: note: each undeclared identifier is reported only once for each function it appears in
../Core/Src/state_machine.c: In function 's1_state_function':
../Core/Src/state_machine.c:57:33: error: 'htim3' undeclared (first use in this function)
   57 |                                 htim3.Init.Period = 20000-1;
      |                                 ^~~~~
make: *** [Core/Src/subdir.mk:37: Core/Src/state_machine.o] Error 1
make: *** Waiting for unfinished jobs....
"make -j8 all" terminated with exit code 2. Build might be incomplete.
04:30:17 **** Incremental Build of configuration Debug for project Semaforo_Led ****
make -j8 all 
arm-none-eabi-gcc "../Core/Src/state_machine.c" -mcpu=cortex-m4 -std=gnu11 -g3 -DDEBUG -DUSE_HAL_DRIVER -DSTM32L476xx -c -I../Core/Inc -I../Drivers/STM32L4xx_HAL_Driver/Inc -I../Drivers/STM32L4xx_HAL_Driver/Inc/Legacy -I../Drivers/CMSIS/Device/ST/STM32L4xx/Include -I../Drivers/CMSIS/Include -O0 -ffunction-sections -fdata-sections -Wall -fstack-usage -fcyclomatic-complexity -MMD -MP -MF"Core/Src/state_machine.d" -MT"Core/Src/state_machine.o" --specs=nano.specs -mfpu=fpv4-sp-d16 -mfloat-abi=hard -mthumb -o "Core/Src/state_machine.o"
arm-none-eabi-gcc -o "Semaforo_Led.elf" @"objects.list"   -mcpu=cortex-m4 -T"E:\GUSTAVO\UNAL\Semestre_2024-1\Diseno_Digital\DigitalDesing\Firmware\Semaforo_Led\STM32L476RGTX_FLASH.ld" --specs=nosys.specs -Wl,-Map="Semaforo_Led.map" -Wl,--gc-sections -static --specs=nano.specs -mfpu=fpv4-sp-d16 -mfloat-abi=hard -mthumb -Wl,--start-group -lc -lm -Wl,--end-group
Finished building target: Semaforo_Led.elf
 
arm-none-eabi-size  Semaforo_Led.elf 
arm-none-eabi-objdump -h -S Semaforo_Led.elf  > "Semaforo_Led.list"
   text	   data	    bss	    dec	    hex	filename
  15792	     12	   1868	  17672	   4508	Semaforo_Led.elf
Finished building: default.size.stdout
 
Finished building: Semaforo_Led.list
 
04:33:36 **** Incremental Build of configuration Debug for project Semaforo_Led ****
make -j8 all 
arm-none-eabi-gcc "../Core/Src/main.c" -mcpu=cortex-m4 -std=gnu11 -g3 -DDEBUG -DUSE_HAL_DRIVER -DSTM32L476xx -c -I../Core/Inc -I../Drivers/STM32L4xx_HAL_Driver/Inc -I../Drivers/STM32L4xx_HAL_Driver/Inc/Legacy -I../Drivers/CMSIS/Device/ST/STM32L4xx/Include -I../Drivers/CMSIS/Include -O0 -ffunction-sections -fdata-sections -Wall -fstack-usage -fcyclomatic-complexity -MMD -MP -MF"Core/Src/main.d" -MT"Core/Src/main.o" --specs=nano.specs -mfpu=fpv4-sp-d16 -mfloat-abi=hard -mthumb -o "Core/Src/main.o"
arm-none-eabi-gcc -o "Semaforo_Led.elf" @"objects.list"   -mcpu=cortex-m4 -T"E:\GUSTAVO\UNAL\Semestre_2024-1\Diseno_Digital\DigitalDesing\Firmware\Semaforo_Led\STM32L476RGTX_FLASH.ld" --specs=nosys.specs -Wl,-Map="Semaforo_Led.map" -Wl,--gc-sections -static --specs=nano.specs -mfpu=fpv4-sp-d16 -mfloat-abi=hard -mthumb -Wl,--start-group -lc -lm -Wl,--end-group
Finished building target: Semaforo_Led.elf
 
arm-none-eabi-size  Semaforo_Led.elf 
arm-none-eabi-objdump -h -S Semaforo_Led.elf  > "Semaforo_Led.list"
   text	   data	    bss	    dec	    hex	filename
  15792	     12	   1868	  17672	   4508	Semaforo_Led.elf
Finished building: default.size.stdout
 
Finished building: Semaforo_Led.list
 
04:39:27 **** Incremental Build of configuration Debug for project Semaforo_Led ****
make -j8 all 
arm-none-eabi-gcc "../Core/Src/state_machine.c" -mcpu=cortex-m4 -std=gnu11 -g3 -DDEBUG -DUSE_HAL_DRIVER -DSTM32L476xx -c -I../Core/Inc -I../Drivers/STM32L4xx_HAL_Driver/Inc -I../Drivers/STM32L4xx_HAL_Driver/Inc/Legacy -I../Drivers/CMSIS/Device/ST/STM32L4xx/Include -I../Drivers/CMSIS/Include -O0 -ffunction-sections -fdata-sections -Wall -fstack-usage -fcyclomatic-complexity -MMD -MP -MF"Core/Src/state_machine.d" -MT"Core/Src/state_machine.o" --specs=nano.specs -mfpu=fpv4-sp-d16 -mfloat-abi=hard -mthumb -o "Core/Src/state_machine.o"
arm-none-eabi-gcc -o "Semaforo_Led.elf" @"objects.list"   -mcpu=cortex-m4 -T"E:\GUSTAVO\UNAL\Semestre_2024-1\Diseno_Digital\DigitalDesing\Firmware\Semaforo_Led\STM32L476RGTX_FLASH.ld" --specs=nosys.specs -Wl,-Map="Semaforo_Led.map" -Wl,--gc-sections -static --specs=nano.specs -mfpu=fpv4-sp-d16 -mfloat-abi=hard -mthumb -Wl,--start-group -lc -lm -Wl,--end-group
Finished building target: Semaforo_Led.elf
 
arm-none-eabi-size  Semaforo_Led.elf 
arm-none-eabi-objdump -h -S Semaforo_Led.elf  > "Semaforo_Led.list"
   text	   data	    bss	    dec	    hex	filename
  15792	     12	   1868	  17672	   4508	Semaforo_Led.elf
Finished building: default.size.stdout
 
Finished building: Semaforo_Led.list
 
04:41:14 **** Incremental Build of configuration Debug for project Semaforo_Led ****
make -j8 all 
arm-none-eabi-gcc "../Core/Src/state_machine.c" -mcpu=cortex-m4 -std=gnu11 -g3 -DDEBUG -DUSE_HAL_DRIVER -DSTM32L476xx -c -I../Core/Inc -I../Drivers/STM32L4xx_HAL_Driver/Inc -I../Drivers/STM32L4xx_HAL_Driver/Inc/Legacy -I../Drivers/CMSIS/Device/ST/STM32L4xx/Include -I../Drivers/CMSIS/Include -O0 -ffunction-sections -fdata-sections -Wall -fstack-usage -fcyclomatic-complexity -MMD -MP -MF"Core/Src/state_machine.d" -MT"Core/Src/state_machine.o" --specs=nano.specs -mfpu=fpv4-sp-d16 -mfloat-abi=hard -mthumb -o "Core/Src/state_machine.o"
arm-none-eabi-gcc -o "Semaforo_Led.elf" @"objects.list"   -mcpu=cortex-m4 -T"E:\GUSTAVO\UNAL\Semestre_2024-1\Diseno_Digital\DigitalDesing\Firmware\Semaforo_Led\STM32L476RGTX_FLASH.ld" --specs=nosys.specs -Wl,-Map="Semaforo_Led.map" -Wl,--gc-sections -static --specs=nano.specs -mfpu=fpv4-sp-d16 -mfloat-abi=hard -mthumb -Wl,--start-group -lc -lm -Wl,--end-group
Finished building target: Semaforo_Led.elf
 
arm-none-eabi-size  Semaforo_Led.elf 
arm-none-eabi-objdump -h -S Semaforo_Led.elf  > "Semaforo_Led.list"
   text	   data	    bss	    dec	    hex	filename
  15792	     12	   1868	  17672	   4508	Semaforo_Led.elf
Finished building: default.size.stdout
 
Finished building: Semaforo_Led.list
 
04:48:42 **** Incremental Build of configuration Debug for project Semaforo_Led ****
make -j8 all 
arm-none-eabi-gcc "../Core/Src/state_machine.c" -mcpu=cortex-m4 -std=gnu11 -g3 -DDEBUG -DUSE_HAL_DRIVER -DSTM32L476xx -c -I../Core/Inc -I../Drivers/STM32L4xx_HAL_Driver/Inc -I../Drivers/STM32L4xx_HAL_Driver/Inc/Legacy -I../Drivers/CMSIS/Device/ST/STM32L4xx/Include -I../Drivers/CMSIS/Include -O0 -ffunction-sections -fdata-sections -Wall -fstack-usage -fcyclomatic-complexity -MMD -MP -MF"Core/Src/state_machine.d" -MT"Core/Src/state_machine.o" --specs=nano.specs -mfpu=fpv4-sp-d16 -mfloat-abi=hard -mthumb -o "Core/Src/state_machine.o"
../Core/Src/state_machine.c: In function 's0_state_function':
../Core/Src/state_machine.c:41:27: error: 'sClockSourceConfig' undeclared (first use in this function)
   41 |                           sClockSourceConfig.ClockSource = TIM_CLOCKSOURCE_INTERNAL;
      |                           ^~~~~~~~~~~~~~~~~~
../Core/Src/state_machine.c:41:27: note: each undeclared identifier is reported only once for each function it appears in
../Core/Src/state_machine.c:46:27: error: 'sMasterConfig' undeclared (first use in this function)
   46 |                           sMasterConfig.MasterOutputTrigger = TIM_TRGO_RESET;
      |                           ^~~~~~~~~~~~~
../Core/Src/state_machine.c: In function 's1_state_function':
../Core/Src/state_machine.c:80:33: error: 'sClockSourceConfig' undeclared (first use in this function)
   80 |                                 sClockSourceConfig.ClockSource = TIM_CLOCKSOURCE_INTERNAL;
      |                                 ^~~~~~~~~~~~~~~~~~
../Core/Src/state_machine.c:85:33: error: 'sMasterConfig' undeclared (first use in this function)
   85 |                                 sMasterConfig.MasterOutputTrigger = TIM_TRGO_RESET;
      |                                 ^~~~~~~~~~~~~
make: *** [Core/Src/subdir.mk:37: Core/Src/state_machine.o] Error 1
"make -j8 all" terminated with exit code 2. Build might be incomplete.
04:49:18 **** Incremental Build of configuration Debug for project Semaforo_Led ****
make -j8 all 
arm-none-eabi-gcc "../Core/Src/state_machine.c" -mcpu=cortex-m4 -std=gnu11 -g3 -DDEBUG -DUSE_HAL_DRIVER -DSTM32L476xx -c -I../Core/Inc -I../Drivers/STM32L4xx_HAL_Driver/Inc -I../Drivers/STM32L4xx_HAL_Driver/Inc/Legacy -I../Drivers/CMSIS/Device/ST/STM32L4xx/Include -I../Drivers/CMSIS/Include -O0 -ffunction-sections -fdata-sections -Wall -fstack-usage -fcyclomatic-complexity -MMD -MP -MF"Core/Src/state_machine.d" -MT"Core/Src/state_machine.o" --specs=nano.specs -mfpu=fpv4-sp-d16 -mfloat-abi=hard -mthumb -o "Core/Src/state_machine.o"
../Core/Src/state_machine.c: In function 's0_state_function':
../Core/Src/state_machine.c:41:27: error: 'sClockSourceConfig' undeclared (first use in this function)
   41 |                           sClockSourceConfig.ClockSource = TIM_CLOCKSOURCE_INTERNAL;
      |                           ^~~~~~~~~~~~~~~~~~
../Core/Src/state_machine.c:41:27: note: each undeclared identifier is reported only once for each function it appears in
../Core/Src/state_machine.c:46:27: error: 'sMasterConfig' undeclared (first use in this function)
   46 |                           sMasterConfig.MasterOutputTrigger = TIM_TRGO_RESET;
      |                           ^~~~~~~~~~~~~
../Core/Src/state_machine.c: In function 's1_state_function':
../Core/Src/state_machine.c:80:72: error: 'sClockSourceConfig' undeclared (first use in this function)
   80 |                                 if (HAL_TIM_ConfigClockSource(&htim3, &sClockSourceConfig) != HAL_OK)
      |                                                                        ^~~~~~~~~~~~~~~~~~
../Core/Src/state_machine.c:84:84: error: 'sMasterConfig' undeclared (first use in this function)
   84 |                                 if (HAL_TIMEx_MasterConfigSynchronization(&htim3, &sMasterConfig) != HAL_OK)
      |                                                                                    ^~~~~~~~~~~~~
make: *** [Core/Src/subdir.mk:37: Core/Src/state_machine.o] Error 1
"make -j8 all" terminated with exit code 2. Build might be incomplete.
04:49:40 **** Incremental Build of configuration Debug for project Semaforo_Led ****
make -j8 all 
arm-none-eabi-gcc "../Core/Src/state_machine.c" -mcpu=cortex-m4 -std=gnu11 -g3 -DDEBUG -DUSE_HAL_DRIVER -DSTM32L476xx -c -I../Core/Inc -I../Drivers/STM32L4xx_HAL_Driver/Inc -I../Drivers/STM32L4xx_HAL_Driver/Inc/Legacy -I../Drivers/CMSIS/Device/ST/STM32L4xx/Include -I../Drivers/CMSIS/Include -O0 -ffunction-sections -fdata-sections -Wall -fstack-usage -fcyclomatic-complexity -MMD -MP -MF"Core/Src/state_machine.d" -MT"Core/Src/state_machine.o" --specs=nano.specs -mfpu=fpv4-sp-d16 -mfloat-abi=hard -mthumb -o "Core/Src/state_machine.o"
../Core/Src/state_machine.c: In function 's0_state_function':
../Core/Src/state_machine.c:41:27: error: 'sClockSourceConfig' undeclared (first use in this function)
   41 |                           sClockSourceConfig.ClockSource = TIM_CLOCKSOURCE_INTERNAL;
      |                           ^~~~~~~~~~~~~~~~~~
../Core/Src/state_machine.c:41:27: note: each undeclared identifier is reported only once for each function it appears in
../Core/Src/state_machine.c:46:27: error: 'sMasterConfig' undeclared (first use in this function)
   46 |                           sMasterConfig.MasterOutputTrigger = TIM_TRGO_RESET;
      |                           ^~~~~~~~~~~~~
make: *** [Core/Src/subdir.mk:37: Core/Src/state_machine.o] Error 1
"make -j8 all" terminated with exit code 2. Build might be incomplete.
04:50:00 **** Incremental Build of configuration Debug for project Semaforo_Led ****
make -j8 all 
arm-none-eabi-gcc "../Core/Src/state_machine.c" -mcpu=cortex-m4 -std=gnu11 -g3 -DDEBUG -DUSE_HAL_DRIVER -DSTM32L476xx -c -I../Core/Inc -I../Drivers/STM32L4xx_HAL_Driver/Inc -I../Drivers/STM32L4xx_HAL_Driver/Inc/Legacy -I../Drivers/CMSIS/Device/ST/STM32L4xx/Include -I../Drivers/CMSIS/Include -O0 -ffunction-sections -fdata-sections -Wall -fstack-usage -fcyclomatic-complexity -MMD -MP -MF"Core/Src/state_machine.d" -MT"Core/Src/state_machine.o" --specs=nano.specs -mfpu=fpv4-sp-d16 -mfloat-abi=hard -mthumb -o "Core/Src/state_machine.o"
arm-none-eabi-gcc -o "Semaforo_Led.elf" @"objects.list"   -mcpu=cortex-m4 -T"E:\GUSTAVO\UNAL\Semestre_2024-1\Diseno_Digital\DigitalDesing\Firmware\Semaforo_Led\STM32L476RGTX_FLASH.ld" --specs=nosys.specs -Wl,-Map="Semaforo_Led.map" -Wl,--gc-sections -static --specs=nano.specs -mfpu=fpv4-sp-d16 -mfloat-abi=hard -mthumb -Wl,--start-group -lc -lm -Wl,--end-group
Finished building target: Semaforo_Led.elf
 
arm-none-eabi-size  Semaforo_Led.elf 
arm-none-eabi-objdump -h -S Semaforo_Led.elf  > "Semaforo_Led.list"
   text	   data	    bss	    dec	    hex	filename
  15808	     12	   1868	  17688	   4518	Semaforo_Led.elf
Finished building: default.size.stdout
 
Finished building: Semaforo_Led.list
 
