09:36:52 **** Build of configuration Debug for project Prueba ****
make -j8 all 
arm-none-eabi-gcc -o "Prueba.elf" @"objects.list"   -mcpu=cortex-m4 -T"E:\GUSTAVO\UNAL\Semestre_2024-1\Diseno_Digital\DigitalDesing\Firmware\Prueba\STM32L476RGTX_FLASH.ld" --specs=nosys.specs -Wl,-Map="Prueba.map" -Wl,--gc-sections -static --specs=nano.specs -mfpu=fpv4-sp-d16 -mfloat-abi=hard -mthumb -Wl,--start-group -lc -lm -Wl,--end-group
Finished building target: Prueba.elf
 
arm-none-eabi-size  Prueba.elf 
arm-none-eabi-objdump -h -S Prueba.elf  > "Prueba.list"
   text	   data	    bss	    dec	    hex	filename
  12312	     12	   1708	  14032	   36d0	Prueba.elf
Finished building: default.size.stdout
 
Finished building: Prueba.list
 

09:37:08 Build Finished. 0 errors, 0 warnings. (took 16s.154ms)

