04:50:00 **** Incremental Build of configuration Debug for project Semaforo_Led ****
make -j8 all 
arm-none-eabi-gcc "../Core/Src/state_machine.c" -mcpu=cortex-m4 -std=gnu11 -g3 -DDEBUG -DUSE_HAL_DRIVER -DSTM32L476xx -c -I../Core/Inc -I../Drivers/STM32L4xx_HAL_Driver/Inc -I../Drivers/STM32L4xx_HAL_Driver/Inc/Legacy -I../Drivers/CMSIS/Device/ST/STM32L4xx/Include -I../Drivers/CMSIS/Include -O0 -ffunction-sections -fdata-sections -Wall -fstack-usage -fcyclomatic-complexity -MMD -MP -MF"Core/Src/state_machine.d" -MT"Core/Src/state_machine.o" --specs=nano.specs -mfpu=fpv4-sp-d16 -mfloat-abi=hard -mthumb -o "Core/Src/state_machine.o"
arm-none-eabi-gcc -o "Semaforo_Led.elf" @"objects.list"   -mcpu=cortex-m4 -T"E:\GUSTAVO\UNAL\Semestre_2024-1\Diseno_Digital\DigitalDesing\Firmware\Semaforo_Led\STM32L476RGTX_FLASH.ld" --specs=nosys.specs -Wl,-Map="Semaforo_Led.map" -Wl,--gc-sections -static --specs=nano.specs -mfpu=fpv4-sp-d16 -mfloat-abi=hard -mthumb -Wl,--start-group -lc -lm -Wl,--end-group
Finished building target: Semaforo_Led.elf
 
arm-none-eabi-size  Semaforo_Led.elf 
arm-none-eabi-objdump -h -S Semaforo_Led.elf  > "Semaforo_Led.list"
   text	   data	    bss	    dec	    hex	filename
  15808	     12	   1868	  17688	   4518	Semaforo_Led.elf
Finished building: default.size.stdout
 
Finished building: Semaforo_Led.list
 

04:50:02 Build Finished. 0 errors, 0 warnings. (took 1s.65ms)

